// Jest Snapshot v1, https://goo.gl/fbAQLP

exports[`Pact between e2e Consumer A and e2e Provider with 30000 ms timeout for Pact adding a product fails if required field is missing 1`] = `
Object {
  "error": "Missing field 'description' in payload",
}
`;

exports[`Pact between e2e Consumer A and e2e Provider with 30000 ms timeout for Pact adding a product succeeds for a valid product 1`] = `
Object {
  "description": "The automobile layout consists of a front-engine design, with transaxle-type transmissions mounted at the rear of the engine and four wheel drive",
  "id": "d724e8bc-94c2-4841-9a66-579e91110ca3",
  "imageUrls": Array [
    "http://placeimg.com/640/480",
    "http://placeimg.com/640/480",
    "http://placeimg.com/640/480",
    "http://placeimg.com/640/480",
    "http://placeimg.com/640/480",
    "http://placeimg.com/640/480",
    "http://placeimg.com/640/480",
    "http://placeimg.com/640/480",
    "http://placeimg.com/640/480",
    "http://placeimg.com/640/480",
  ],
  "isAvailable": true,
  "name": "Generic Steel Shoes",
  "price": 6950,
}
`;

exports[`Pact between e2e Consumer A and e2e Provider with 30000 ms timeout for Pact getProducts() if no products are available, it returns an empty list 1`] = `Array []`;

exports[`Pact between e2e Consumer A and e2e Provider with 30000 ms timeout for Pact getProducts() if products are available, it returns a list of products 1`] = `
Array [
  Object {
    "description": "Boston's most advanced compression wear technology increases muscle oxygenation, stabilizes active muscles",
    "id": "780a5887-9d6e-42b4-8192-f14bc32c7a2c",
    "imageUrls": Array [
      "http://placeimg.com/640/480",
      "http://placeimg.com/640/480",
      "http://placeimg.com/640/480",
      "http://placeimg.com/640/480",
      "http://placeimg.com/640/480",
      "http://placeimg.com/640/480",
      "http://placeimg.com/640/480",
      "http://placeimg.com/640/480",
      "http://placeimg.com/640/480",
      "http://placeimg.com/640/480",
    ],
    "isAvailable": true,
    "name": "Sleek Soft Chips",
    "price": 4170,
  },
  Object {
    "description": "The slim & simple Maple Gaming Keyboard from Dev Byte comes with a sleek body and 7- Color RGB LED Back-lighting for smart functionality",
    "id": "b1df0207-6e6c-4d02-87af-f9e39646a121",
    "imageUrls": Array [
      "http://placeimg.com/640/480",
      "http://placeimg.com/640/480",
      "http://placeimg.com/640/480",
      "http://placeimg.com/640/480",
      "http://placeimg.com/640/480",
      "http://placeimg.com/640/480",
      "http://placeimg.com/640/480",
      "http://placeimg.com/640/480",
      "http://placeimg.com/640/480",
      "http://placeimg.com/640/480",
    ],
    "isAvailable": false,
    "name": "Licensed Plastic Tuna",
    "price": 8440,
  },
  Object {
    "description": "Boston's most advanced compression wear technology increases muscle oxygenation, stabilizes active muscles",
    "id": "24a24975-7863-4e71-958c-8dafe3e50906",
    "imageUrls": Array [
      "http://placeimg.com/640/480",
      "http://placeimg.com/640/480",
      "http://placeimg.com/640/480",
      "http://placeimg.com/640/480",
      "http://placeimg.com/640/480",
      "http://placeimg.com/640/480",
      "http://placeimg.com/640/480",
      "http://placeimg.com/640/480",
      "http://placeimg.com/640/480",
      "http://placeimg.com/640/480",
    ],
    "isAvailable": false,
    "name": "Tasty Cotton Pants",
    "price": 9930,
  },
  Object {
    "description": "The slim & simple Maple Gaming Keyboard from Dev Byte comes with a sleek body and 7- Color RGB LED Back-lighting for smart functionality",
    "id": "8ed1e4bc-b41e-4b82-a04b-b8eddc85172c",
    "imageUrls": Array [
      "http://placeimg.com/640/480",
      "http://placeimg.com/640/480",
      "http://placeimg.com/640/480",
      "http://placeimg.com/640/480",
      "http://placeimg.com/640/480",
      "http://placeimg.com/640/480",
      "http://placeimg.com/640/480",
      "http://placeimg.com/640/480",
      "http://placeimg.com/640/480",
      "http://placeimg.com/640/480",
    ],
    "isAvailable": false,
    "name": "Generic Frozen Gloves",
    "price": 5770,
  },
  Object {
    "description": "New range of formal shirts are designed keeping you in mind. With fits and styling that will make you stand apart",
    "id": "68912a13-0c07-4cac-801d-693b1ad7b90b",
    "imageUrls": Array [
      "http://placeimg.com/640/480",
      "http://placeimg.com/640/480",
      "http://placeimg.com/640/480",
      "http://placeimg.com/640/480",
      "http://placeimg.com/640/480",
      "http://placeimg.com/640/480",
      "http://placeimg.com/640/480",
      "http://placeimg.com/640/480",
      "http://placeimg.com/640/480",
      "http://placeimg.com/640/480",
    ],
    "isAvailable": false,
    "name": "Small Metal Mouse",
    "price": 9510,
  },
  Object {
    "description": "Ergonomic executive chair upholstered in bonded black leather and PVC padded seat and back for all-day comfort and support",
    "id": "ffe42eba-b20c-4d19-a2e5-929e365f2697",
    "imageUrls": Array [
      "http://placeimg.com/640/480",
      "http://placeimg.com/640/480",
      "http://placeimg.com/640/480",
      "http://placeimg.com/640/480",
      "http://placeimg.com/640/480",
      "http://placeimg.com/640/480",
      "http://placeimg.com/640/480",
      "http://placeimg.com/640/480",
      "http://placeimg.com/640/480",
      "http://placeimg.com/640/480",
    ],
    "isAvailable": false,
    "name": "Intelligent Wooden Soap",
    "price": 2570,
  },
  Object {
    "description": "The Apollotech B340 is an affordable wireless mouse with reliable connectivity, 12 months battery life and modern design",
    "id": "83346bf2-e9c8-4d3d-a66d-19a95dce6d60",
    "imageUrls": Array [
      "http://placeimg.com/640/480",
      "http://placeimg.com/640/480",
      "http://placeimg.com/640/480",
      "http://placeimg.com/640/480",
      "http://placeimg.com/640/480",
      "http://placeimg.com/640/480",
      "http://placeimg.com/640/480",
      "http://placeimg.com/640/480",
      "http://placeimg.com/640/480",
      "http://placeimg.com/640/480",
    ],
    "isAvailable": true,
    "name": "Awesome Frozen Chair",
    "price": 400,
  },
  Object {
    "description": "The automobile layout consists of a front-engine design, with transaxle-type transmissions mounted at the rear of the engine and four wheel drive",
    "id": "88bae26a-f4ad-42e3-9f06-5d5e3b14ae15",
    "imageUrls": Array [
      "http://placeimg.com/640/480",
      "http://placeimg.com/640/480",
      "http://placeimg.com/640/480",
      "http://placeimg.com/640/480",
      "http://placeimg.com/640/480",
      "http://placeimg.com/640/480",
      "http://placeimg.com/640/480",
      "http://placeimg.com/640/480",
      "http://placeimg.com/640/480",
      "http://placeimg.com/640/480",
    ],
    "isAvailable": true,
    "name": "Awesome Granite Gloves",
    "price": 7260,
  },
  Object {
    "description": "The beautiful range of Apple Natural√© that has an exciting mix of natural ingredients. With the Goodness of 100% Natural Ingredients",
    "id": "54efd241-92b0-45fe-a24d-7975646f4aba",
    "imageUrls": Array [
      "http://placeimg.com/640/480",
      "http://placeimg.com/640/480",
      "http://placeimg.com/640/480",
      "http://placeimg.com/640/480",
      "http://placeimg.com/640/480",
      "http://placeimg.com/640/480",
      "http://placeimg.com/640/480",
      "http://placeimg.com/640/480",
      "http://placeimg.com/640/480",
      "http://placeimg.com/640/480",
    ],
    "isAvailable": true,
    "name": "Small Fresh Pizza",
    "price": 2930,
  },
  Object {
    "description": "The Apollotech B340 is an affordable wireless mouse with reliable connectivity, 12 months battery life and modern design",
    "id": "5e7d496f-0190-4b09-bee8-efcf3113495e",
    "imageUrls": Array [
      "http://placeimg.com/640/480",
      "http://placeimg.com/640/480",
      "http://placeimg.com/640/480",
      "http://placeimg.com/640/480",
      "http://placeimg.com/640/480",
      "http://placeimg.com/640/480",
      "http://placeimg.com/640/480",
      "http://placeimg.com/640/480",
      "http://placeimg.com/640/480",
      "http://placeimg.com/640/480",
    ],
    "isAvailable": false,
    "name": "Incredible Soft Bacon",
    "price": 7120,
  },
]
`;
